
==> Checking MinIO is reachable

==> Terraform init
[0m[1mInitializing the backend...[0m

[0m[1mInitializing modules...[0m

[0m[1mInitializing provider plugins...[0m
- Reusing previous version of kreuzwerker/docker from the dependency lock file
- Reusing previous version of hashicorp/null from the dependency lock file
- Using previously-installed kreuzwerker/docker v3.9.0
- Using previously-installed hashicorp/null v3.3.0


[0m[1m[32mTerraform has been successfully initialized![0m[32m[0m
[0m[32m
You may now begin working with Terraform. Try running "terraform plan" to see
any changes that are required for your infrastructure. All Terraform commands
should now work.

If you ever set or change modules or backend configuration for Terraform,
rerun this command to reinitialize your working directory. If you forget, other
commands will detect it and remind you to do so if necessary.[0m

==> Terraform apply
[0m[1mdocker_network.kijanikiosk: Refreshing state... [id=30a928d24ac87ac63623dcb9152e3519aad4d802e8d796e2cd432b5f28348746][0m
[0m[1mmodule.server["payments"].docker_container.vm: Refreshing state... [id=8b40f07565cba7764b93d442798d42fb30594c4fd09fd22923df0cd946274bc6][0m
[0m[1mmodule.server["api"].docker_container.vm: Refreshing state... [id=6ad2477c34397ffb965369cff48d80183b71bbcb167e23bd33964e7e22a9c15e][0m
[0m[1mmodule.server["logs"].docker_container.vm: Refreshing state... [id=b4ff45f86a6503ca5bf0f3a218194d61290416b711a4d2eb12954cf712165bc6][0m
[0m[1mmodule.server["api"].null_resource.provision_ssh: Refreshing state... [id=7307854859010095495][0m
[0m[1mmodule.server["payments"].null_resource.provision_ssh: Refreshing state... [id=685676920186687433][0m
[0m[1mmodule.server["logs"].null_resource.provision_ssh: Refreshing state... [id=6497557741611884276][0m

[0m[1m[32mNo changes.[0m[1m Your infrastructure matches the configuration.[0m

[0mTerraform has compared your real infrastructure against your configuration
and found no differences, so no changes are needed.
[0m[1m[32m
Apply complete! Resources: 0 added, 0 changed, 0 destroyed.[0m
[0m[1m[32m
Outputs:

[0mapi_server_ip = "127.0.0.1"
api_server_port = 2222
logs_server_ip = "127.0.0.1"
logs_server_port = 2224
payments_server_ip = "127.0.0.1"
payments_server_port = 2223
ssh_commands = {
  "api" = "ssh -i ~/.ssh/id_rsa -p 2222 root@127.0.0.1"
  "logs" = "ssh -i ~/.ssh/id_rsa -p 2224 root@127.0.0.1"
  "payments" = "ssh -i ~/.ssh/id_rsa -p 2223 root@127.0.0.1"
}

==> Extracting server host/port from Terraform output

==> Writing inventory.ini

==> Waiting for SSH to come up on all three hosts

==> Running Ansible playbook

PLAY [Provision KijaniKiosk staging servers to Week 3 standard] ****************

TASK [Gathering Facts] *********************************************************
[WARNING]: Host 'kk-api' is using the discovered Python interpreter at '/usr/bin/python3.10', but future installation of another Python interpreter could cause a different interpreter to be discovered. See https://docs.ansible.com/ansible-core/2.20/reference_appendices/interpreter_discovery.html for more information.
[WARNING]: Host 'kk-logs' is using the discovered Python interpreter at '/usr/bin/python3.10', but future installation of another Python interpreter could cause a different interpreter to be discovered. See https://docs.ansible.com/ansible-core/2.20/reference_appendices/interpreter_discovery.html for more information.
[WARNING]: Host 'kk-payments' is using the discovered Python interpreter at '/usr/bin/python3.10', but future installation of another Python interpreter could cause a different interpreter to be discovered. See https://docs.ansible.com/ansible-core/2.20/reference_appendices/interpreter_discovery.html for more information.
ok: [kk-api]
ok: [kk-logs]
ok: [kk-payments]

TASK [Update apt cache] ********************************************************
ok: [kk-logs]
ok: [kk-payments]
ok: [kk-api]

TASK [Install required packages] ***********************************************
ok: [kk-api]
ok: [kk-logs]
ok: [kk-payments]

TASK [Create service group] ****************************************************
ok: [kk-logs]
ok: [kk-payments]
ok: [kk-api]

TASK [Create service user (no login, no home shell access)] ********************
ok: [kk-logs]
ok: [kk-api]
ok: [kk-payments]

TASK [Create base application directory] ***************************************
ok: [kk-api]
ok: [kk-payments]
ok: [kk-logs]

TASK [Create config directory (writable under ProtectSystem=strict)] ***********
ok: [kk-api]
ok: [kk-payments]
ok: [kk-logs]

TASK [Create log directory] ****************************************************
ok: [kk-api]
ok: [kk-logs]
ok: [kk-payments]

TASK [Deploy service-specific environment file (payments only)] ****************
skipping: [kk-api]
skipping: [kk-logs]
ok: [kk-payments]

TASK [Deploy systemd unit from template] ***************************************
ok: [kk-api]
ok: [kk-payments]
ok: [kk-logs]

TASK [Enable and start service] ************************************************
ok: [kk-api]
ok: [kk-payments]
ok: [kk-logs]

TASK [Set default UFW policy - deny incoming] **********************************
ok: [kk-api]
ok: [kk-payments]
ok: [kk-logs]

TASK [Set default UFW policy - allow outgoing] *********************************
ok: [kk-api]
ok: [kk-logs]
ok: [kk-payments]

TASK [Allow SSH] ***************************************************************
ok: [kk-api]
ok: [kk-payments]
ok: [kk-logs]

TASK [Allow service port] ******************************************************
ok: [kk-logs]
ok: [kk-api]
ok: [kk-payments]

TASK [Enable UFW] **************************************************************
ok: [kk-payments]
ok: [kk-logs]
ok: [kk-api]

TASK [Configure journald for persistent storage] *******************************
ok: [kk-api]
ok: [kk-payments]
ok: [kk-logs]

TASK [Deploy logrotate policy for the service] *********************************
ok: [kk-payments]
ok: [kk-api]
ok: [kk-logs]

PLAY RECAP *********************************************************************
kk-api                     : ok=17   changed=0    unreachable=0    failed=0    skipped=1    rescued=0    ignored=0   
kk-logs                    : ok=17   changed=0    unreachable=0    failed=0    skipped=1    rescued=0    ignored=0   
kk-payments                : ok=18   changed=0    unreachable=0    failed=0    skipped=0    rescued=0    ignored=0   


==> Pipeline complete.
