
==> Checking MinIO is reachable

==> Terraform init
[0m[1mInitializing the backend...[0m

[0m[1mInitializing modules...[0m

[0m[1mInitializing provider plugins...[0m
- Reusing previous version of kreuzwerker/docker from the dependency lock file
- Reusing previous version of hashicorp/null from the dependency lock file
- Using previously-installed kreuzwerker/docker v3.9.0
- Using previously-installed hashicorp/null v3.3.0


[0m[1m[32mTerraform has been successfully initialized![0m[32m[0m
[0m[32m
You may now begin working with Terraform. Try running "terraform plan" to see
any changes that are required for your infrastructure. All Terraform commands
should now work.

If you ever set or change modules or backend configuration for Terraform,
rerun this command to reinitialize your working directory. If you forget, other
commands will detect it and remind you to do so if necessary.[0m

==> Terraform apply
[0m[1mdocker_network.kijanikiosk: Refreshing state... [id=30a928d24ac87ac63623dcb9152e3519aad4d802e8d796e2cd432b5f28348746][0m

Terraform used the selected providers to generate the following execution
plan. Resource actions are indicated with the following symbols:
  [32m+[0m create[0m

Terraform will perform the following actions:

[1m  # module.server["api"].docker_container.vm[0m will be created
[0m  [32m+[0m[0m resource "docker_container" "vm" {
      [32m+[0m[0m attach                                      = false
      [32m+[0m[0m bridge                                      = (known after apply)
      [32m+[0m[0m command                                     = (known after apply)
      [32m+[0m[0m container_logs                              = (known after apply)
      [32m+[0m[0m container_read_refresh_timeout_milliseconds = 15000
      [32m+[0m[0m cpu_shares                                  = 512
      [32m+[0m[0m entrypoint                                  = (known after apply)
      [32m+[0m[0m env                                         = (known after apply)
      [32m+[0m[0m exit_code                                   = (known after apply)
      [32m+[0m[0m hostname                                    = "kijanikiosk-api"
      [32m+[0m[0m id                                          = (known after apply)
      [32m+[0m[0m image                                       = "geerlingguy/docker-ubuntu2204-ansible:latest"
      [32m+[0m[0m init                                        = (known after apply)
      [32m+[0m[0m ipc_mode                                    = (known after apply)
      [32m+[0m[0m log_driver                                  = (known after apply)
      [32m+[0m[0m logs                                        = false
      [32m+[0m[0m memory                                      = 512
      [32m+[0m[0m memory_reservation                          = 0
      [32m+[0m[0m must_run                                    = true
      [32m+[0m[0m name                                        = "kijanikiosk-api"
      [32m+[0m[0m network_data                                = (known after apply)
      [32m+[0m[0m network_mode                                = "bridge"
      [32m+[0m[0m privileged                                  = true
      [32m+[0m[0m read_only                                   = false
      [32m+[0m[0m remove_volumes                              = true
      [32m+[0m[0m restart                                     = "no"
      [32m+[0m[0m rm                                          = false
      [32m+[0m[0m runtime                                     = (known after apply)
      [32m+[0m[0m security_opts                               = (known after apply)
      [32m+[0m[0m shm_size                                    = (known after apply)
      [32m+[0m[0m start                                       = true
      [32m+[0m[0m stdin_open                                  = false
      [32m+[0m[0m stop_signal                                 = (known after apply)
      [32m+[0m[0m stop_timeout                                = (known after apply)
      [32m+[0m[0m tmpfs                                       = {
          [32m+[0m[0m "/run"      = [90mnull[0m[0m
          [32m+[0m[0m "/run/lock" = [90mnull[0m[0m
        }
      [32m+[0m[0m tty                                         = true
      [32m+[0m[0m wait                                        = false
      [32m+[0m[0m wait_timeout                                = 60

      [32m+[0m[0m healthcheck (known after apply)

      [32m+[0m[0m labels (known after apply)

      [32m+[0m[0m networks_advanced {
          [32m+[0m[0m aliases      = []
          [32m+[0m[0m name         = "kijanikiosk-net"
            [90m# (3 unchanged attributes hidden)[0m[0m
        }

      [32m+[0m[0m ports {
          [32m+[0m[0m external = 2222
          [32m+[0m[0m internal = 22
          [32m+[0m[0m ip       = "0.0.0.0"
          [32m+[0m[0m protocol = "tcp"
        }

      [32m+[0m[0m volumes {
          [32m+[0m[0m container_path = "/sys/fs/cgroup"
          [32m+[0m[0m host_path      = "/sys/fs/cgroup"
          [32m+[0m[0m read_only      = false
            [90m# (2 unchanged attributes hidden)[0m[0m
        }
    }

[1m  # module.server["api"].null_resource.provision_ssh[0m will be created
[0m  [32m+[0m[0m resource "null_resource" "provision_ssh" {
      [32m+[0m[0m id       = (known after apply)
      [32m+[0m[0m triggers = {
          [32m+[0m[0m "container_id" = (known after apply)
        }
    }

[1m  # module.server["logs"].docker_container.vm[0m will be created
[0m  [32m+[0m[0m resource "docker_container" "vm" {
      [32m+[0m[0m attach                                      = false
      [32m+[0m[0m bridge                                      = (known after apply)
      [32m+[0m[0m command                                     = (known after apply)
      [32m+[0m[0m container_logs                              = (known after apply)
      [32m+[0m[0m container_read_refresh_timeout_milliseconds = 15000
      [32m+[0m[0m cpu_shares                                  = 512
      [32m+[0m[0m entrypoint                                  = (known after apply)
      [32m+[0m[0m env                                         = (known after apply)
      [32m+[0m[0m exit_code                                   = (known after apply)
      [32m+[0m[0m hostname                                    = "kijanikiosk-logs"
      [32m+[0m[0m id                                          = (known after apply)
      [32m+[0m[0m image                                       = "geerlingguy/docker-ubuntu2204-ansible:latest"
      [32m+[0m[0m init                                        = (known after apply)
      [32m+[0m[0m ipc_mode                                    = (known after apply)
      [32m+[0m[0m log_driver                                  = (known after apply)
      [32m+[0m[0m logs                                        = false
      [32m+[0m[0m memory                                      = 768
      [32m+[0m[0m memory_reservation                          = 0
      [32m+[0m[0m must_run                                    = true
      [32m+[0m[0m name                                        = "kijanikiosk-logs"
      [32m+[0m[0m network_data                                = (known after apply)
      [32m+[0m[0m network_mode                                = "bridge"
      [32m+[0m[0m privileged                                  = true
      [32m+[0m[0m read_only                                   = false
      [32m+[0m[0m remove_volumes                              = true
      [32m+[0m[0m restart                                     = "no"
      [32m+[0m[0m rm                                          = false
      [32m+[0m[0m runtime                                     = (known after apply)
      [32m+[0m[0m security_opts                               = (known after apply)
      [32m+[0m[0m shm_size                                    = (known after apply)
      [32m+[0m[0m start                                       = true
      [32m+[0m[0m stdin_open                                  = false
      [32m+[0m[0m stop_signal                                 = (known after apply)
      [32m+[0m[0m stop_timeout                                = (known after apply)
      [32m+[0m[0m tmpfs                                       = {
          [32m+[0m[0m "/run"      = [90mnull[0m[0m
          [32m+[0m[0m "/run/lock" = [90mnull[0m[0m
        }
      [32m+[0m[0m tty                                         = true
      [32m+[0m[0m wait                                        = false
      [32m+[0m[0m wait_timeout                                = 60

      [32m+[0m[0m healthcheck (known after apply)

      [32m+[0m[0m labels (known after apply)

      [32m+[0m[0m networks_advanced {
          [32m+[0m[0m aliases      = []
          [32m+[0m[0m name         = "kijanikiosk-net"
            [90m# (3 unchanged attributes hidden)[0m[0m
        }

      [32m+[0m[0m ports {
          [32m+[0m[0m external = 2224
          [32m+[0m[0m internal = 22
          [32m+[0m[0m ip       = "0.0.0.0"
          [32m+[0m[0m protocol = "tcp"
        }

      [32m+[0m[0m volumes {
          [32m+[0m[0m container_path = "/sys/fs/cgroup"
          [32m+[0m[0m host_path      = "/sys/fs/cgroup"
          [32m+[0m[0m read_only      = false
            [90m# (2 unchanged attributes hidden)[0m[0m
        }
    }

[1m  # module.server["logs"].null_resource.provision_ssh[0m will be created
[0m  [32m+[0m[0m resource "null_resource" "provision_ssh" {
      [32m+[0m[0m id       = (known after apply)
      [32m+[0m[0m triggers = {
          [32m+[0m[0m "container_id" = (known after apply)
        }
    }

[1m  # module.server["payments"].docker_container.vm[0m will be created
[0m  [32m+[0m[0m resource "docker_container" "vm" {
      [32m+[0m[0m attach                                      = false
      [32m+[0m[0m bridge                                      = (known after apply)
      [32m+[0m[0m command                                     = (known after apply)
      [32m+[0m[0m container_logs                              = (known after apply)
      [32m+[0m[0m container_read_refresh_timeout_milliseconds = 15000
      [32m+[0m[0m cpu_shares                                  = 512
      [32m+[0m[0m entrypoint                                  = (known after apply)
      [32m+[0m[0m env                                         = (known after apply)
      [32m+[0m[0m exit_code                                   = (known after apply)
      [32m+[0m[0m hostname                                    = "kijanikiosk-payments"
      [32m+[0m[0m id                                          = (known after apply)
      [32m+[0m[0m image                                       = "geerlingguy/docker-ubuntu2204-ansible:latest"
      [32m+[0m[0m init                                        = (known after apply)
      [32m+[0m[0m ipc_mode                                    = (known after apply)
      [32m+[0m[0m log_driver                                  = (known after apply)
      [32m+[0m[0m logs                                        = false
      [32m+[0m[0m memory                                      = 512
      [32m+[0m[0m memory_reservation                          = 0
      [32m+[0m[0m must_run                                    = true
      [32m+[0m[0m name                                        = "kijanikiosk-payments"
      [32m+[0m[0m network_data                                = (known after apply)
      [32m+[0m[0m network_mode                                = "bridge"
      [32m+[0m[0m privileged                                  = true
      [32m+[0m[0m read_only                                   = false
      [32m+[0m[0m remove_volumes                              = true
      [32m+[0m[0m restart                                     = "no"
      [32m+[0m[0m rm                                          = false
      [32m+[0m[0m runtime                                     = (known after apply)
      [32m+[0m[0m security_opts                               = (known after apply)
      [32m+[0m[0m shm_size                                    = (known after apply)
      [32m+[0m[0m start                                       = true
      [32m+[0m[0m stdin_open                                  = false
      [32m+[0m[0m stop_signal                                 = (known after apply)
      [32m+[0m[0m stop_timeout                                = (known after apply)
      [32m+[0m[0m tmpfs                                       = {
          [32m+[0m[0m "/run"      = [90mnull[0m[0m
          [32m+[0m[0m "/run/lock" = [90mnull[0m[0m
        }
      [32m+[0m[0m tty                                         = true
      [32m+[0m[0m wait                                        = false
      [32m+[0m[0m wait_timeout                                = 60

      [32m+[0m[0m healthcheck (known after apply)

      [32m+[0m[0m labels (known after apply)

      [32m+[0m[0m networks_advanced {
          [32m+[0m[0m aliases      = []
          [32m+[0m[0m name         = "kijanikiosk-net"
            [90m# (3 unchanged attributes hidden)[0m[0m
        }

      [32m+[0m[0m ports {
          [32m+[0m[0m external = 2223
          [32m+[0m[0m internal = 22
          [32m+[0m[0m ip       = "0.0.0.0"
          [32m+[0m[0m protocol = "tcp"
        }

      [32m+[0m[0m volumes {
          [32m+[0m[0m container_path = "/sys/fs/cgroup"
          [32m+[0m[0m host_path      = "/sys/fs/cgroup"
          [32m+[0m[0m read_only      = false
            [90m# (2 unchanged attributes hidden)[0m[0m
        }
    }

[1m  # module.server["payments"].null_resource.provision_ssh[0m will be created
[0m  [32m+[0m[0m resource "null_resource" "provision_ssh" {
      [32m+[0m[0m id       = (known after apply)
      [32m+[0m[0m triggers = {
          [32m+[0m[0m "container_id" = (known after apply)
        }
    }

[1mPlan:[0m [0m6 to add, 0 to change, 0 to destroy.
[0m[1mmodule.server["api"].docker_container.vm: Creating...[0m[0m
[0m[1mmodule.server["logs"].docker_container.vm: Creating...[0m[0m
[0m[1mmodule.server["payments"].docker_container.vm: Creating...[0m[0m
[0m[1mmodule.server["payments"].docker_container.vm: Creation complete after 2s [id=8b40f07565cba7764b93d442798d42fb30594c4fd09fd22923df0cd946274bc6][0m
[0m[1mmodule.server["api"].docker_container.vm: Creation complete after 2s [id=6ad2477c34397ffb965369cff48d80183b71bbcb167e23bd33964e7e22a9c15e][0m
[0m[1mmodule.server["logs"].docker_container.vm: Creation complete after 2s [id=b4ff45f86a6503ca5bf0f3a218194d61290416b711a4d2eb12954cf712165bc6][0m
[0m[1mmodule.server["logs"].null_resource.provision_ssh: Creating...[0m[0m
[0m[1mmodule.server["payments"].null_resource.provision_ssh: Creating...[0m[0m
[0m[1mmodule.server["api"].null_resource.provision_ssh: Creating...[0m[0m
[0m[1mmodule.server["api"].null_resource.provision_ssh: Provisioning with 'local-exec'...[0m[0m
[0m[1mmodule.server["api"].null_resource.provision_ssh (local-exec):[0m [0mExecuting: ["/bin/sh" "-c" "set -e\nfor i in $(seq 1 20); do\n  docker exec kijanikiosk-api test -d /root 2>/dev/null && break\n  sleep 1\ndone\n\ndocker exec kijanikiosk-api bash -c \"which sshd > /dev/null 2>&1 || (apt-get update -qq && DEBIAN_FRONTEND=noninteractive apt-get install -y -qq openssh-server)\"\ndocker exec kijanikiosk-api bash -c \"sed -i 's/#PermitRootLogin prohibit-password/PermitRootLogin yes/' /etc/ssh/sshd_config || true\"\ndocker exec kijanikiosk-api mkdir -p /run/sshd\ndocker exec kijanikiosk-api mkdir -p /root/.ssh\ndocker cp ~/.ssh/id_rsa.pub kijanikiosk-api:/root/.ssh/authorized_keys\ndocker exec kijanikiosk-api chmod 700 /root/.ssh\ndocker exec kijanikiosk-api chmod 600 /root/.ssh/authorized_keys\ndocker exec kijanikiosk-api chown -R root:root /root/.ssh\ndocker exec kijanikiosk-api systemctl enable ssh\ndocker exec kijanikiosk-api systemctl restart ssh\n"]
[0m[1mmodule.server["logs"].null_resource.provision_ssh: Provisioning with 'local-exec'...[0m[0m
[0m[1mmodule.server["logs"].null_resource.provision_ssh (local-exec):[0m [0mExecuting: ["/bin/sh" "-c" "set -e\nfor i in $(seq 1 20); do\n  docker exec kijanikiosk-logs test -d /root 2>/dev/null && break\n  sleep 1\ndone\n\ndocker exec kijanikiosk-logs bash -c \"which sshd > /dev/null 2>&1 || (apt-get update -qq && DEBIAN_FRONTEND=noninteractive apt-get install -y -qq openssh-server)\"\ndocker exec kijanikiosk-logs bash -c \"sed -i 's/#PermitRootLogin prohibit-password/PermitRootLogin yes/' /etc/ssh/sshd_config || true\"\ndocker exec kijanikiosk-logs mkdir -p /run/sshd\ndocker exec kijanikiosk-logs mkdir -p /root/.ssh\ndocker cp ~/.ssh/id_rsa.pub kijanikiosk-logs:/root/.ssh/authorized_keys\ndocker exec kijanikiosk-logs chmod 700 /root/.ssh\ndocker exec kijanikiosk-logs chmod 600 /root/.ssh/authorized_keys\ndocker exec kijanikiosk-logs chown -R root:root /root/.ssh\ndocker exec kijanikiosk-logs systemctl enable ssh\ndocker exec kijanikiosk-logs systemctl restart ssh\n"]
[0m[1mmodule.server["payments"].null_resource.provision_ssh: Provisioning with 'local-exec'...[0m[0m
[0m[1mmodule.server["payments"].null_resource.provision_ssh (local-exec):[0m [0mExecuting: ["/bin/sh" "-c" "set -e\nfor i in $(seq 1 20); do\n  docker exec kijanikiosk-payments test -d /root 2>/dev/null && break\n  sleep 1\ndone\n\ndocker exec kijanikiosk-payments bash -c \"which sshd > /dev/null 2>&1 || (apt-get update -qq && DEBIAN_FRONTEND=noninteractive apt-get install -y -qq openssh-server)\"\ndocker exec kijanikiosk-payments bash -c \"sed -i 's/#PermitRootLogin prohibit-password/PermitRootLogin yes/' /etc/ssh/sshd_config || true\"\ndocker exec kijanikiosk-payments mkdir -p /run/sshd\ndocker exec kijanikiosk-payments mkdir -p /root/.ssh\ndocker cp ~/.ssh/id_rsa.pub kijanikiosk-payments:/root/.ssh/authorized_keys\ndocker exec kijanikiosk-payments chmod 700 /root/.ssh\ndocker exec kijanikiosk-payments chmod 600 /root/.ssh/authorized_keys\ndocker exec kijanikiosk-payments chown -R root:root /root/.ssh\ndocker exec kijanikiosk-payments systemctl enable ssh\ndocker exec kijanikiosk-payments systemctl restart ssh\n"]
[0m[1mmodule.server["logs"].null_resource.provision_ssh: Still creating... [00m10s elapsed][0m[0m
[0m[1mmodule.server["payments"].null_resource.provision_ssh: Still creating... [00m10s elapsed][0m[0m
[0m[1mmodule.server["api"].null_resource.provision_ssh: Still creating... [00m10s elapsed][0m[0m
[0m[1mmodule.server["api"].null_resource.provision_ssh: Still creating... [00m20s elapsed][0m[0m
[0m[1mmodule.server["payments"].null_resource.provision_ssh: Still creating... [00m20s elapsed][0m[0m
[0m[1mmodule.server["logs"].null_resource.provision_ssh: Still creating... [00m20s elapsed][0m[0m
[0m[1mmodule.server["payments"].null_resource.provision_ssh: Still creating... [00m30s elapsed][0m[0m
[0m[1mmodule.server["logs"].null_resource.provision_ssh: Still creating... [00m30s elapsed][0m[0m
[0m[1mmodule.server["api"].null_resource.provision_ssh: Still creating... [00m30s elapsed][0m[0m
[0m[1mmodule.server["api"].null_resource.provision_ssh: Still creating... [00m40s elapsed][0m[0m
[0m[1mmodule.server["payments"].null_resource.provision_ssh: Still creating... [00m40s elapsed][0m[0m
[0m[1mmodule.server["logs"].null_resource.provision_ssh: Still creating... [00m40s elapsed][0m[0m
[0m[1mmodule.server["api"].null_resource.provision_ssh (local-exec):[0m [0mPreconfiguring packages ...
[0m[1mmodule.server["api"].null_resource.provision_ssh (local-exec):[0m [0mSelecting previously unselected package libedit2:amd64.
[0m[1mmodule.server["api"].null_resource.provision_ssh (local-exec):[0m [0m(Reading database ...
[0m[1mmodule.server["api"].null_resource.provision_ssh (local-exec):[0m [0m(Reading database ... 5%
[0m[1mmodule.server["api"].null_resource.provision_ssh (local-exec):[0m [0m(Reading database ... 10%
[0m[1mmodule.server["api"].null_resource.provision_ssh (local-exec):[0m [0m(Reading database ... 15%
[0m[1mmodule.server["api"].null_resource.provision_ssh (local-exec):[0m [0m(Reading database ... 20%
[0m[1mmodule.server["api"].null_resource.provision_ssh (local-exec):[0m [0m(Reading database ... 25%
[0m[1mmodule.server["api"].null_resource.provision_ssh (local-exec):[0m [0m(Reading database ... 30%
[0m[1mmodule.server["api"].null_resource.provision_ssh (local-exec):[0m [0m(Reading database ... 35%
[0m[1mmodule.server["api"].null_resource.provision_ssh (local-exec):[0m [0m(Reading database ... 40%
[0m[1mmodule.server["api"].null_resource.provision_ssh (local-exec):[0m [0m(Reading database ... 45%
[0m[1mmodule.server["api"].null_resource.provision_ssh (local-exec):[0m [0m(Reading database ... 50%
[0m[1mmodule.server["api"].null_resource.provision_ssh (local-exec):[0m [0m(Reading database ... 55%
[0m[1mmodule.server["api"].null_resource.provision_ssh (local-exec):[0m [0m(Reading database ... 60%
[0m[1mmodule.server["api"].null_resource.provision_ssh (local-exec):[0m [0m(Reading database ... 65%
[0m[1mmodule.server["api"].null_resource.provision_ssh (local-exec):[0m [0m(Reading database ... 70%
[0m[1mmodule.server["api"].null_resource.provision_ssh (local-exec):[0m [0m(Reading database ... 75%
[0m[1mmodule.server["api"].null_resource.provision_ssh (local-exec):[0m [0m(Reading database ... 80%
[0m[1mmodule.server["api"].null_resource.provision_ssh (local-exec):[0m [0m(Reading database ... 85%
[0m[1mmodule.server["api"].null_resource.provision_ssh (local-exec):[0m [0m(Reading database ... 90%
[0m[1mmodule.server["api"].null_resource.provision_ssh (local-exec):[0m [0m(Reading database ... 95%
[0m[1mmodule.server["api"].null_resource.provision_ssh (local-exec):[0m [0m(Reading database ... 100%
[0m[1mmodule.server["api"].null_resource.provision_ssh (local-exec):[0m [0m(Reading database ... 17465 files and directories currently installed.)
[0m[1mmodule.server["api"].null_resource.provision_ssh (local-exec):[0m [0mPreparing to unpack .../00-libedit2_3.1-20210910-1build1_amd64.deb ...
[0m[1mmodule.server["api"].null_resource.provision_ssh (local-exec):[0m [0mUnpacking libedit2:amd64 (3.1-20210910-1build1) ...
[0m[1mmodule.server["api"].null_resource.provision_ssh (local-exec):[0m [0mSelecting previously unselected package libcbor0.8:amd64.
[0m[1mmodule.server["api"].null_resource.provision_ssh (local-exec):[0m [0mPreparing to unpack .../01-libcbor0.8_0.8.0-2ubuntu1_amd64.deb ...
[0m[1mmodule.server["api"].null_resource.provision_ssh (local-exec):[0m [0mUnpacking libcbor0.8:amd64 (0.8.0-2ubuntu1) ...
[0m[1mmodule.server["api"].null_resource.provision_ssh (local-exec):[0m [0mSelecting previously unselected package libfido2-1:amd64.
[0m[1mmodule.server["api"].null_resource.provision_ssh (local-exec):[0m [0mPreparing to unpack .../02-libfido2-1_1.10.0-1_amd64.deb ...
[0m[1mmodule.server["api"].null_resource.provision_ssh (local-exec):[0m [0mUnpacking libfido2-1:amd64 (1.10.0-1) ...
[0m[1mmodule.server["api"].null_resource.provision_ssh (local-exec):[0m [0mSelecting previously unselected package openssh-client.
[0m[1mmodule.server["api"].null_resource.provision_ssh (local-exec):[0m [0mPreparing to unpack .../03-openssh-client_1%3a8.9p1-3ubuntu0.16_amd64.deb ...
[0m[1mmodule.server["api"].null_resource.provision_ssh (local-exec):[0m [0mUnpacking openssh-client (1:8.9p1-3ubuntu0.16) ...
[0m[1mmodule.server["api"].null_resource.provision_ssh (local-exec):[0m [0mSelecting previously unselected package openssh-sftp-server.
[0m[1mmodule.server["api"].null_resource.provision_ssh (local-exec):[0m [0mPreparing to unpack .../04-openssh-sftp-server_1%3a8.9p1-3ubuntu0.16_amd64.deb ...
[0m[1mmodule.server["api"].null_resource.provision_ssh (local-exec):[0m [0mUnpacking openssh-sftp-server (1:8.9p1-3ubuntu0.16) ...
[0m[1mmodule.server["api"].null_resource.provision_ssh (local-exec):[0m [0mSelecting previously unselected package libwrap0:amd64.
[0m[1mmodule.server["api"].null_resource.provision_ssh (local-exec):[0m [0mPreparing to unpack .../05-libwrap0_7.6.q-31build2_amd64.deb ...
[0m[1mmodule.server["api"].null_resource.provision_ssh (local-exec):[0m [0mUnpacking libwrap0:amd64 (7.6.q-31build2) ...
[0m[1mmodule.server["api"].null_resource.provision_ssh (local-exec):[0m [0mSelecting previously unselected package openssh-server.
[0m[1mmodule.server["api"].null_resource.provision_ssh (local-exec):[0m [0mPreparing to unpack .../06-openssh-server_1%3a8.9p1-3ubuntu0.16_amd64.deb ...
[0m[1mmodule.server["api"].null_resource.provision_ssh (local-exec):[0m [0mUnpacking openssh-server (1:8.9p1-3ubuntu0.16) ...
[0m[1mmodule.server["api"].null_resource.provision_ssh (local-exec):[0m [0mSelecting previously unselected package libxau6:amd64.
[0m[1mmodule.server["api"].null_resource.provision_ssh (local-exec):[0m [0mPreparing to unpack .../07-libxau6_1%3a1.0.9-1build5_amd64.deb ...
[0m[1mmodule.server["api"].null_resource.provision_ssh (local-exec):[0m [0mUnpacking libxau6:amd64 (1:1.0.9-1build5) ...
[0m[1mmodule.server["api"].null_resource.provision_ssh (local-exec):[0m [0mSelecting previously unselected package libxdmcp6:amd64.
[0m[1mmodule.server["api"].null_resource.provision_ssh (local-exec):[0m [0mPreparing to unpack .../08-libxdmcp6_1%3a1.1.3-0ubuntu5_amd64.deb ...
[0m[1mmodule.server["api"].null_resource.provision_ssh (local-exec):[0m [0mUnpacking libxdmcp6:amd64 (1:1.1.3-0ubuntu5) ...
[0m[1mmodule.server["api"].null_resource.provision_ssh (local-exec):[0m [0mSelecting previously unselected package libxcb1:amd64.
[0m[1mmodule.server["api"].null_resource.provision_ssh (local-exec):[0m [0mPreparing to unpack .../09-libxcb1_1.14-3ubuntu3_amd64.deb ...
[0m[1mmodule.server["api"].null_resource.provision_ssh (local-exec):[0m [0mUnpacking libxcb1:amd64 (1.14-3ubuntu3) ...
[0m[1mmodule.server["api"].null_resource.provision_ssh (local-exec):[0m [0mSelecting previously unselected package libx11-data.
[0m[1mmodule.server["api"].null_resource.provision_ssh (local-exec):[0m [0mPreparing to unpack .../10-libx11-data_2%3a1.7.5-1ubuntu0.3_all.deb ...
[0m[1mmodule.server["api"].null_resource.provision_ssh (local-exec):[0m [0mUnpacking libx11-data (2:1.7.5-1ubuntu0.3) ...
[0m[1mmodule.server["api"].null_resource.provision_ssh (local-exec):[0m [0mSelecting previously unselected package libx11-6:amd64.
[0m[1mmodule.server["api"].null_resource.provision_ssh (local-exec):[0m [0mPreparing to unpack .../11-libx11-6_2%3a1.7.5-1ubuntu0.3_amd64.deb ...
[0m[1mmodule.server["api"].null_resource.provision_ssh (local-exec):[0m [0mUnpacking libx11-6:amd64 (2:1.7.5-1ubuntu0.3) ...
[0m[1mmodule.server["logs"].null_resource.provision_ssh: Still creating... [00m50s elapsed][0m[0m
[0m[1mmodule.server["api"].null_resource.provision_ssh: Still creating... [00m50s elapsed][0m[0m
[0m[1mmodule.server["payments"].null_resource.provision_ssh: Still creating... [00m50s elapsed][0m[0m
[0m[1mmodule.server["api"].null_resource.provision_ssh (local-exec):[0m [0mSelecting previously unselected package libxext6:amd64.
[0m[1mmodule.server["api"].null_resource.provision_ssh (local-exec):[0m [0mPreparing to unpack .../12-libxext6_2%3a1.3.4-1build1_amd64.deb ...
[0m[1mmodule.server["api"].null_resource.provision_ssh (local-exec):[0m [0mUnpacking libxext6:amd64 (2:1.3.4-1build1) ...
[0m[1mmodule.server["api"].null_resource.provision_ssh (local-exec):[0m [0mSelecting previously unselected package libxmuu1:amd64.
[0m[1mmodule.server["api"].null_resource.provision_ssh (local-exec):[0m [0mPreparing to unpack .../13-libxmuu1_2%3a1.1.3-3_amd64.deb ...
[0m[1mmodule.server["api"].null_resource.provision_ssh (local-exec):[0m [0mUnpacking libxmuu1:amd64 (2:1.1.3-3) ...
[0m[1mmodule.server["api"].null_resource.provision_ssh (local-exec):[0m [0mSelecting previously unselected package wget.
[0m[1mmodule.server["api"].null_resource.provision_ssh (local-exec):[0m [0mPreparing to unpack .../14-wget_1.21.2-2ubuntu1.4_amd64.deb ...
[0m[1mmodule.server["api"].null_resource.provision_ssh (local-exec):[0m [0mUnpacking wget (1.21.2-2ubuntu1.4) ...
[0m[1mmodule.server["api"].null_resource.provision_ssh (local-exec):[0m [0mSelecting previously unselected package xauth.
[0m[1mmodule.server["api"].null_resource.provision_ssh (local-exec):[0m [0mPreparing to unpack .../15-xauth_1%3a1.1-1build2_amd64.deb ...
[0m[1mmodule.server["api"].null_resource.provision_ssh (local-exec):[0m [0mUnpacking xauth (1:1.1-1build2) ...
[0m[1mmodule.server["api"].null_resource.provision_ssh (local-exec):[0m [0mSelecting previously unselected package ncurses-term.
[0m[1mmodule.server["api"].null_resource.provision_ssh (local-exec):[0m [0mPreparing to unpack .../16-ncurses-term_6.3-2ubuntu0.2_all.deb ...
[0m[1mmodule.server["api"].null_resource.provision_ssh (local-exec):[0m [0mUnpacking ncurses-term (6.3-2ubuntu0.2) ...
[0m[1mmodule.server["api"].null_resource.provision_ssh (local-exec):[0m [0mSelecting previously unselected package ssh-import-id.
[0m[1mmodule.server["api"].null_resource.provision_ssh (local-exec):[0m [0mPreparing to unpack .../17-ssh-import-id_5.11-0ubuntu1_all.deb ...
[0m[1mmodule.server["api"].null_resource.provision_ssh (local-exec):[0m [0mUnpacking ssh-import-id (5.11-0ubuntu1) ...
[0m[1mmodule.server["api"].null_resource.provision_ssh (local-exec):[0m [0mSetting up libxau6:amd64 (1:1.0.9-1build5) ...
[0m[1mmodule.server["api"].null_resource.provision_ssh (local-exec):[0m [0mSetting up libxdmcp6:amd64 (1:1.1.3-0ubuntu5) ...
[0m[1mmodule.server["api"].null_resource.provision_ssh (local-exec):[0m [0mSetting up libxcb1:amd64 (1.14-3ubuntu3) ...
[0m[1mmodule.server["api"].null_resource.provision_ssh (local-exec):[0m [0mSetting up wget (1.21.2-2ubuntu1.4) ...
[0m[1mmodule.server["api"].null_resource.provision_ssh (local-exec):[0m [0mSetting up libcbor0.8:amd64 (0.8.0-2ubuntu1) ...
[0m[1mmodule.server["api"].null_resource.provision_ssh (local-exec):[0m [0mSetting up libedit2:amd64 (3.1-20210910-1build1) ...
[0m[1mmodule.server["api"].null_resource.provision_ssh (local-exec):[0m [0mSetting up libwrap0:amd64 (7.6.q-31build2) ...
[0m[1mmodule.server["payments"].null_resource.provision_ssh (local-exec):[0m [0mPreconfiguring packages ...
[0m[1mmodule.server["api"].null_resource.provision_ssh (local-exec):[0m [0mSetting up libx11-data (2:1.7.5-1ubuntu0.3) ...
[0m[1mmodule.server["api"].null_resource.provision_ssh (local-exec):[0m [0mSetting up libx11-6:amd64 (2:1.7.5-1ubuntu0.3) ...
[0m[1mmodule.server["api"].null_resource.provision_ssh (local-exec):[0m [0mSetting up libfido2-1:amd64 (1.10.0-1) ...
[0m[1mmodule.server["api"].null_resource.provision_ssh (local-exec):[0m [0mSetting up libxmuu1:amd64 (2:1.1.3-3) ...
[0m[1mmodule.server["api"].null_resource.provision_ssh (local-exec):[0m [0mSetting up ncurses-term (6.3-2ubuntu0.2) ...
[0m[1mmodule.server["api"].null_resource.provision_ssh (local-exec):[0m [0mSetting up openssh-client (1:8.9p1-3ubuntu0.16) ...
[0m[1mmodule.server["payments"].null_resource.provision_ssh (local-exec):[0m [0mSelecting previously unselected package libedit2:amd64.
[0m[1mmodule.server["payments"].null_resource.provision_ssh (local-exec):[0m [0m(Reading database ...
[0m[1mmodule.server["payments"].null_resource.provision_ssh (local-exec):[0m [0m(Reading database ... 5%
[0m[1mmodule.server["payments"].null_resource.provision_ssh (local-exec):[0m [0m(Reading database ... 10%
[0m[1mmodule.server["payments"].null_resource.provision_ssh (local-exec):[0m [0m(Reading database ... 15%
[0m[1mmodule.server["payments"].null_resource.provision_ssh (local-exec):[0m [0m(Reading database ... 20%
[0m[1mmodule.server["payments"].null_resource.provision_ssh (local-exec):[0m [0m(Reading database ... 25%
[0m[1mmodule.server["payments"].null_resource.provision_ssh (local-exec):[0m [0m(Reading database ... 30%
[0m[1mmodule.server["payments"].null_resource.provision_ssh (local-exec):[0m [0m(Reading database ... 35%
[0m[1mmodule.server["payments"].null_resource.provision_ssh (local-exec):[0m [0m(Reading database ... 40%
[0m[1mmodule.server["payments"].null_resource.provision_ssh (local-exec):[0m [0m(Reading database ... 45%
[0m[1mmodule.server["payments"].null_resource.provision_ssh (local-exec):[0m [0m(Reading database ... 50%
[0m[1mmodule.server["payments"].null_resource.provision_ssh (local-exec):[0m [0m(Reading database ... 55%
[0m[1mmodule.server["payments"].null_resource.provision_ssh (local-exec):[0m [0m(Reading database ... 60%
[0m[1mmodule.server["payments"].null_resource.provision_ssh (local-exec):[0m [0m(Reading database ... 65%
[0m[1mmodule.server["payments"].null_resource.provision_ssh (local-exec):[0m [0m(Reading database ... 70%
[0m[1mmodule.server["payments"].null_resource.provision_ssh (local-exec):[0m [0m(Reading database ... 75%
[0m[1mmodule.server["payments"].null_resource.provision_ssh (local-exec):[0m [0m(Reading database ... 80%
[0m[1mmodule.server["payments"].null_resource.provision_ssh (local-exec):[0m [0m(Reading database ... 85%
[0m[1mmodule.server["payments"].null_resource.provision_ssh (local-exec):[0m [0m(Reading database ... 90%
[0m[1mmodule.server["payments"].null_resource.provision_ssh (local-exec):[0m [0m(Reading database ... 95%
[0m[1mmodule.server["payments"].null_resource.provision_ssh (local-exec):[0m [0m(Reading database ... 100%
[0m[1mmodule.server["payments"].null_resource.provision_ssh (local-exec):[0m [0m(Reading database ... 17465 files and directories currently installed.)
[0m[1mmodule.server["payments"].null_resource.provision_ssh (local-exec):[0m [0mPreparing to unpack .../00-libedit2_3.1-20210910-1build1_amd64.deb ...
[0m[1mmodule.server["payments"].null_resource.provision_ssh (local-exec):[0m [0mUnpacking libedit2:amd64 (3.1-20210910-1build1) ...
[0m[1mmodule.server["api"].null_resource.provision_ssh (local-exec):[0m [0mupdate-alternatives: using /usr/bin/ssh to provide /usr/bin/rsh (rsh) in auto mode
[0m[1mmodule.server["api"].null_resource.provision_ssh (local-exec):[0m [0mupdate-alternatives: warning: skip creation of /usr/share/man/man1/rsh.1.gz because associated file /usr/share/man/man1/ssh.1.gz (of link group rsh) doesn't exist
[0m[1mmodule.server["api"].null_resource.provision_ssh (local-exec):[0m [0mupdate-alternatives: using /usr/bin/slogin to provide /usr/bin/rlogin (rlogin) in auto mode
[0m[1mmodule.server["api"].null_resource.provision_ssh (local-exec):[0m [0mupdate-alternatives: warning: skip creation of /usr/share/man/man1/rlogin.1.gz because associated file /usr/share/man/man1/slogin.1.gz (of link group rlogin) doesn't exist
[0m[1mmodule.server["api"].null_resource.provision_ssh (local-exec):[0m [0mupdate-alternatives: using /usr/bin/scp to provide /usr/bin/rcp (rcp) in auto mode
[0m[1mmodule.server["api"].null_resource.provision_ssh (local-exec):[0m [0mupdate-alternatives: warning: skip creation of /usr/share/man/man1/rcp.1.gz because associated file /usr/share/man/man1/scp.1.gz (of link group rcp) doesn't exist
[0m[1mmodule.server["api"].null_resource.provision_ssh (local-exec):[0m [0mSetting up ssh-import-id (5.11-0ubuntu1) ...
[0m[1mmodule.server["api"].null_resource.provision_ssh (local-exec):[0m [0mSetting up libxext6:amd64 (2:1.3.4-1build1) ...
[0m[1mmodule.server["api"].null_resource.provision_ssh (local-exec):[0m [0mSetting up xauth (1:1.1-1build2) ...
[0m[1mmodule.server["api"].null_resource.provision_ssh (local-exec):[0m [0mSetting up openssh-sftp-server (1:8.9p1-3ubuntu0.16) ...
[0m[1mmodule.server["api"].null_resource.provision_ssh (local-exec):[0m [0mSetting up openssh-server (1:8.9p1-3ubuntu0.16) ...

[0m[1mmodule.server["api"].null_resource.provision_ssh (local-exec):[0m [0mCreating config file /etc/ssh/sshd_config with new version
[0m[1mmodule.server["api"].null_resource.provision_ssh (local-exec):[0m [0mCreating SSH2 RSA key; this may take some time ...
[0m[1mmodule.server["payments"].null_resource.provision_ssh (local-exec):[0m [0mSelecting previously unselected package libcbor0.8:amd64.
[0m[1mmodule.server["payments"].null_resource.provision_ssh (local-exec):[0m [0mPreparing to unpack .../01-libcbor0.8_0.8.0-2ubuntu1_amd64.deb ...
[0m[1mmodule.server["payments"].null_resource.provision_ssh (local-exec):[0m [0mUnpacking libcbor0.8:amd64 (0.8.0-2ubuntu1) ...
[0m[1mmodule.server["payments"].null_resource.provision_ssh (local-exec):[0m [0mSelecting previously unselected package libfido2-1:amd64.
[0m[1mmodule.server["payments"].null_resource.provision_ssh (local-exec):[0m [0mPreparing to unpack .../02-libfido2-1_1.10.0-1_amd64.deb ...
[0m[1mmodule.server["payments"].null_resource.provision_ssh (local-exec):[0m [0mUnpacking libfido2-1:amd64 (1.10.0-1) ...
[0m[1mmodule.server["payments"].null_resource.provision_ssh (local-exec):[0m [0mSelecting previously unselected package openssh-client.
[0m[1mmodule.server["payments"].null_resource.provision_ssh (local-exec):[0m [0mPreparing to unpack .../03-openssh-client_1%3a8.9p1-3ubuntu0.16_amd64.deb ...
[0m[1mmodule.server["payments"].null_resource.provision_ssh (local-exec):[0m [0mUnpacking openssh-client (1:8.9p1-3ubuntu0.16) ...
[0m[1mmodule.server["payments"].null_resource.provision_ssh (local-exec):[0m [0mSelecting previously unselected package openssh-sftp-server.
[0m[1mmodule.server["payments"].null_resource.provision_ssh (local-exec):[0m [0mPreparing to unpack .../04-openssh-sftp-server_1%3a8.9p1-3ubuntu0.16_amd64.deb ...
[0m[1mmodule.server["payments"].null_resource.provision_ssh (local-exec):[0m [0mUnpacking openssh-sftp-server (1:8.9p1-3ubuntu0.16) ...
[0m[1mmodule.server["payments"].null_resource.provision_ssh (local-exec):[0m [0mSelecting previously unselected package libwrap0:amd64.
[0m[1mmodule.server["payments"].null_resource.provision_ssh (local-exec):[0m [0mPreparing to unpack .../05-libwrap0_7.6.q-31build2_amd64.deb ...
[0m[1mmodule.server["payments"].null_resource.provision_ssh (local-exec):[0m [0mUnpacking libwrap0:amd64 (7.6.q-31build2) ...
[0m[1mmodule.server["payments"].null_resource.provision_ssh (local-exec):[0m [0mSelecting previously unselected package openssh-server.
[0m[1mmodule.server["payments"].null_resource.provision_ssh (local-exec):[0m [0mPreparing to unpack .../06-openssh-server_1%3a8.9p1-3ubuntu0.16_amd64.deb ...
[0m[1mmodule.server["payments"].null_resource.provision_ssh (local-exec):[0m [0mUnpacking openssh-server (1:8.9p1-3ubuntu0.16) ...
[0m[1mmodule.server["payments"].null_resource.provision_ssh (local-exec):[0m [0mSelecting previously unselected package libxau6:amd64.
[0m[1mmodule.server["payments"].null_resource.provision_ssh (local-exec):[0m [0mPreparing to unpack .../07-libxau6_1%3a1.0.9-1build5_amd64.deb ...
[0m[1mmodule.server["payments"].null_resource.provision_ssh (local-exec):[0m [0mUnpacking libxau6:amd64 (1:1.0.9-1build5) ...
[0m[1mmodule.server["payments"].null_resource.provision_ssh (local-exec):[0m [0mSelecting previously unselected package libxdmcp6:amd64.
[0m[1mmodule.server["payments"].null_resource.provision_ssh (local-exec):[0m [0mPreparing to unpack .../08-libxdmcp6_1%3a1.1.3-0ubuntu5_amd64.deb ...
[0m[1mmodule.server["payments"].null_resource.provision_ssh (local-exec):[0m [0mUnpacking libxdmcp6:amd64 (1:1.1.3-0ubuntu5) ...
[0m[1mmodule.server["payments"].null_resource.provision_ssh (local-exec):[0m [0mSelecting previously unselected package libxcb1:amd64.
[0m[1mmodule.server["payments"].null_resource.provision_ssh (local-exec):[0m [0mPreparing to unpack .../09-libxcb1_1.14-3ubuntu3_amd64.deb ...
[0m[1mmodule.server["payments"].null_resource.provision_ssh (local-exec):[0m [0mUnpacking libxcb1:amd64 (1.14-3ubuntu3) ...
[0m[1mmodule.server["payments"].null_resource.provision_ssh (local-exec):[0m [0mSelecting previously unselected package libx11-data.
[0m[1mmodule.server["payments"].null_resource.provision_ssh (local-exec):[0m [0mPreparing to unpack .../10-libx11-data_2%3a1.7.5-1ubuntu0.3_all.deb ...
[0m[1mmodule.server["payments"].null_resource.provision_ssh (local-exec):[0m [0mUnpacking libx11-data (2:1.7.5-1ubuntu0.3) ...
[0m[1mmodule.server["payments"].null_resource.provision_ssh (local-exec):[0m [0mSelecting previously unselected package libx11-6:amd64.
[0m[1mmodule.server["payments"].null_resource.provision_ssh (local-exec):[0m [0mPreparing to unpack .../11-libx11-6_2%3a1.7.5-1ubuntu0.3_amd64.deb ...
[0m[1mmodule.server["payments"].null_resource.provision_ssh (local-exec):[0m [0mUnpacking libx11-6:amd64 (2:1.7.5-1ubuntu0.3) ...
[0m[1mmodule.server["payments"].null_resource.provision_ssh (local-exec):[0m [0mSelecting previously unselected package libxext6:amd64.
[0m[1mmodule.server["payments"].null_resource.provision_ssh (local-exec):[0m [0mPreparing to unpack .../12-libxext6_2%3a1.3.4-1build1_amd64.deb ...
[0m[1mmodule.server["payments"].null_resource.provision_ssh (local-exec):[0m [0mUnpacking libxext6:amd64 (2:1.3.4-1build1) ...
[0m[1mmodule.server["payments"].null_resource.provision_ssh (local-exec):[0m [0mSelecting previously unselected package libxmuu1:amd64.
[0m[1mmodule.server["payments"].null_resource.provision_ssh (local-exec):[0m [0mPreparing to unpack .../13-libxmuu1_2%3a1.1.3-3_amd64.deb ...
[0m[1mmodule.server["payments"].null_resource.provision_ssh (local-exec):[0m [0mUnpacking libxmuu1:amd64 (2:1.1.3-3) ...
[0m[1mmodule.server["payments"].null_resource.provision_ssh (local-exec):[0m [0mSelecting previously unselected package wget.
[0m[1mmodule.server["payments"].null_resource.provision_ssh (local-exec):[0m [0mPreparing to unpack .../14-wget_1.21.2-2ubuntu1.4_amd64.deb ...
[0m[1mmodule.server["payments"].null_resource.provision_ssh (local-exec):[0m [0mUnpacking wget (1.21.2-2ubuntu1.4) ...
[0m[1mmodule.server["payments"].null_resource.provision_ssh (local-exec):[0m [0mSelecting previously unselected package xauth.
[0m[1mmodule.server["payments"].null_resource.provision_ssh (local-exec):[0m [0mPreparing to unpack .../15-xauth_1%3a1.1-1build2_amd64.deb ...
[0m[1mmodule.server["payments"].null_resource.provision_ssh (local-exec):[0m [0mUnpacking xauth (1:1.1-1build2) ...
[0m[1mmodule.server["payments"].null_resource.provision_ssh (local-exec):[0m [0mSelecting previously unselected package ncurses-term.
[0m[1mmodule.server["payments"].null_resource.provision_ssh (local-exec):[0m [0mPreparing to unpack .../16-ncurses-term_6.3-2ubuntu0.2_all.deb ...
[0m[1mmodule.server["payments"].null_resource.provision_ssh (local-exec):[0m [0mUnpacking ncurses-term (6.3-2ubuntu0.2) ...

[0m[1mmodule.server["api"].null_resource.provision_ssh (local-exec):[0m [0m3072 SHA256:OdbIIbF3bszUzXKTm4zOt1E07SQXnL8rynRXFM5MPH0 root@kijanikiosk-api (RSA)
[0m[1mmodule.server["api"].null_resource.provision_ssh (local-exec):[0m [0mCreating SSH2 ECDSA key; this may take some time ...
[0m[1mmodule.server["api"].null_resource.provision_ssh (local-exec):[0m [0m256 SHA256:/ChOf4NEbNWSRS4XgmIzyPKiTu5BjyUL0qeLS+pyCRQ root@kijanikiosk-api (ECDSA)
[0m[1mmodule.server["api"].null_resource.provision_ssh (local-exec):[0m [0mCreating SSH2 ED25519 key; this may take some time ...
[0m[1mmodule.server["api"].null_resource.provision_ssh (local-exec):[0m [0m256 SHA256:q6vJGh3sqJ2wn7sMgsnb5OTKrTeYHuDU+sq/OiqADU8 root@kijanikiosk-api (ED25519)
[0m[1mmodule.server["api"].null_resource.provision_ssh (local-exec):[0m [0minvoke-rc.d: policy-rc.d denied execution of start.
[0m[1mmodule.server["payments"].null_resource.provision_ssh (local-exec):[0m [0mSelecting previously unselected package ssh-import-id.
[0m[1mmodule.server["payments"].null_resource.provision_ssh (local-exec):[0m [0mPreparing to unpack .../17-ssh-import-id_5.11-0ubuntu1_all.deb ...
[0m[1mmodule.server["payments"].null_resource.provision_ssh (local-exec):[0m [0mUnpacking ssh-import-id (5.11-0ubuntu1) ...
[0m[1mmodule.server["payments"].null_resource.provision_ssh (local-exec):[0m [0mSetting up libxau6:amd64 (1:1.0.9-1build5) ...
[0m[1mmodule.server["payments"].null_resource.provision_ssh (local-exec):[0m [0mSetting up libxdmcp6:amd64 (1:1.1.3-0ubuntu5) ...
[0m[1mmodule.server["payments"].null_resource.provision_ssh (local-exec):[0m [0mSetting up libxcb1:amd64 (1.14-3ubuntu3) ...
[0m[1mmodule.server["payments"].null_resource.provision_ssh (local-exec):[0m [0mSetting up wget (1.21.2-2ubuntu1.4) ...
[0m[1mmodule.server["payments"].null_resource.provision_ssh (local-exec):[0m [0mSetting up libcbor0.8:amd64 (0.8.0-2ubuntu1) ...
[0m[1mmodule.server["api"].null_resource.provision_ssh (local-exec):[0m [0mCreated symlink /etc/systemd/system/sshd.service → /lib/systemd/system/ssh.service.
[0m[1mmodule.server["api"].null_resource.provision_ssh (local-exec):[0m [0mCreated symlink /etc/systemd/system/multi-user.target.wants/ssh.service → /lib/systemd/system/ssh.service.
[0m[1mmodule.server["payments"].null_resource.provision_ssh (local-exec):[0m [0mSetting up libedit2:amd64 (3.1-20210910-1build1) ...
[0m[1mmodule.server["payments"].null_resource.provision_ssh (local-exec):[0m [0mSetting up libwrap0:amd64 (7.6.q-31build2) ...
[0m[1mmodule.server["payments"].null_resource.provision_ssh (local-exec):[0m [0mSetting up libx11-data (2:1.7.5-1ubuntu0.3) ...
[0m[1mmodule.server["payments"].null_resource.provision_ssh (local-exec):[0m [0mSetting up libx11-6:amd64 (2:1.7.5-1ubuntu0.3) ...
[0m[1mmodule.server["payments"].null_resource.provision_ssh (local-exec):[0m [0mSetting up libfido2-1:amd64 (1.10.0-1) ...
[0m[1mmodule.server["payments"].null_resource.provision_ssh (local-exec):[0m [0mSetting up libxmuu1:amd64 (2:1.1.3-3) ...
[0m[1mmodule.server["payments"].null_resource.provision_ssh (local-exec):[0m [0mSetting up ncurses-term (6.3-2ubuntu0.2) ...
[0m[1mmodule.server["payments"].null_resource.provision_ssh (local-exec):[0m [0mSetting up openssh-client (1:8.9p1-3ubuntu0.16) ...
[0m[1mmodule.server["payments"].null_resource.provision_ssh (local-exec):[0m [0mupdate-alternatives: using /usr/bin/ssh to provide /usr/bin/rsh (rsh) in auto mode
[0m[1mmodule.server["payments"].null_resource.provision_ssh (local-exec):[0m [0mupdate-alternatives: warning: skip creation of /usr/share/man/man1/rsh.1.gz because associated file /usr/share/man/man1/ssh.1.gz (of link group rsh) doesn't exist
[0m[1mmodule.server["payments"].null_resource.provision_ssh (local-exec):[0m [0mupdate-alternatives: using /usr/bin/slogin to provide /usr/bin/rlogin (rlogin) in auto mode
[0m[1mmodule.server["payments"].null_resource.provision_ssh (local-exec):[0m [0mupdate-alternatives: warning: skip creation of /usr/share/man/man1/rlogin.1.gz because associated file /usr/share/man/man1/slogin.1.gz (of link group rlogin) doesn't exist
[0m[1mmodule.server["payments"].null_resource.provision_ssh (local-exec):[0m [0mupdate-alternatives: using /usr/bin/scp to provide /usr/bin/rcp (rcp) in auto mode
[0m[1mmodule.server["payments"].null_resource.provision_ssh (local-exec):[0m [0mupdate-alternatives: warning: skip creation of /usr/share/man/man1/rcp.1.gz because associated file /usr/share/man/man1/scp.1.gz (of link group rcp) doesn't exist
[0m[1mmodule.server["payments"].null_resource.provision_ssh (local-exec):[0m [0mSetting up ssh-import-id (5.11-0ubuntu1) ...
[0m[1mmodule.server["api"].null_resource.provision_ssh (local-exec):[0m [0m/usr/sbin/policy-rc.d returned 101, not running 'start rescue-ssh.target ssh.service'
[0m[1mmodule.server["payments"].null_resource.provision_ssh (local-exec):[0m [0mSetting up libxext6:amd64 (2:1.3.4-1build1) ...
[0m[1mmodule.server["payments"].null_resource.provision_ssh (local-exec):[0m [0mSetting up xauth (1:1.1-1build2) ...
[0m[1mmodule.server["payments"].null_resource.provision_ssh (local-exec):[0m [0mSetting up openssh-sftp-server (1:8.9p1-3ubuntu0.16) ...
[0m[1mmodule.server["payments"].null_resource.provision_ssh (local-exec):[0m [0mSetting up openssh-server (1:8.9p1-3ubuntu0.16) ...

[0m[1mmodule.server["payments"].null_resource.provision_ssh (local-exec):[0m [0mCreating config file /etc/ssh/sshd_config with new version
[0m[1mmodule.server["api"].null_resource.provision_ssh (local-exec):[0m [0m/usr/sbin/policy-rc.d returned 101, not running 'start ssh.socket'
[0m[1mmodule.server["api"].null_resource.provision_ssh (local-exec):[0m [0mProcessing triggers for libc-bin (2.35-0ubuntu3.14) ...
[0m[1mmodule.server["payments"].null_resource.provision_ssh (local-exec):[0m [0mCreating SSH2 RSA key; this may take some time ...
[0m[1mmodule.server["api"].null_resource.provision_ssh (local-exec):[0m [0mSynchronizing state of ssh.service with SysV service script with /lib/systemd/systemd-sysv-install.
[0m[1mmodule.server["api"].null_resource.provision_ssh (local-exec):[0m [0mExecuting: /lib/systemd/systemd-sysv-install enable ssh

[0m[1mmodule.server["payments"].null_resource.provision_ssh (local-exec):[0m [0m3072 SHA256:6UkWRptccLjIPb/XMlRbniyESyBze3VzKLlsqN2X2K4 root@kijanikiosk-payments (RSA)
[0m[1mmodule.server["payments"].null_resource.provision_ssh (local-exec):[0m [0mCreating SSH2 ECDSA key; this may take some time ...
[0m[1mmodule.server["payments"].null_resource.provision_ssh (local-exec):[0m [0m256 SHA256:vh1cnIHli9Nu6+lYNz+WcOVMsiXTjWXQHYiaSN/rqrI root@kijanikiosk-payments (ECDSA)
[0m[1mmodule.server["payments"].null_resource.provision_ssh (local-exec):[0m [0mCreating SSH2 ED25519 key; this may take some time ...
[0m[1mmodule.server["payments"].null_resource.provision_ssh (local-exec):[0m [0m256 SHA256:h2T4xbQ+2uFJPcpQCXHgCcj2jSlPtraXx+QjknoSddY root@kijanikiosk-payments (ED25519)
[0m[1mmodule.server["payments"].null_resource.provision_ssh (local-exec):[0m [0minvoke-rc.d: policy-rc.d denied execution of start.
[0m[1mmodule.server["payments"].null_resource.provision_ssh (local-exec):[0m [0mCreated symlink /etc/systemd/system/sshd.service → /lib/systemd/system/ssh.service.
[0m[1mmodule.server["payments"].null_resource.provision_ssh (local-exec):[0m [0mCreated symlink /etc/systemd/system/multi-user.target.wants/ssh.service → /lib/systemd/system/ssh.service.
[0m[1mmodule.server["api"].null_resource.provision_ssh: Creation complete after 1m0s [id=7307854859010095495][0m
[0m[1mmodule.server["payments"].null_resource.provision_ssh: Still creating... [01m00s elapsed][0m[0m
[0m[1mmodule.server["logs"].null_resource.provision_ssh: Still creating... [01m00s elapsed][0m[0m
[0m[1mmodule.server["payments"].null_resource.provision_ssh (local-exec):[0m [0m/usr/sbin/policy-rc.d returned 101, not running 'start rescue-ssh.target ssh.service'
[0m[1mmodule.server["payments"].null_resource.provision_ssh (local-exec):[0m [0m/usr/sbin/policy-rc.d returned 101, not running 'start ssh.socket'
[0m[1mmodule.server["payments"].null_resource.provision_ssh (local-exec):[0m [0mProcessing triggers for libc-bin (2.35-0ubuntu3.14) ...
[0m[1mmodule.server["payments"].null_resource.provision_ssh (local-exec):[0m [0mSynchronizing state of ssh.service with SysV service script with /lib/systemd/systemd-sysv-install.
[0m[1mmodule.server["payments"].null_resource.provision_ssh (local-exec):[0m [0mExecuting: /lib/systemd/systemd-sysv-install enable ssh
[0m[1mmodule.server["payments"].null_resource.provision_ssh: Creation complete after 1m4s [id=685676920186687433][0m
[0m[1mmodule.server["logs"].null_resource.provision_ssh: Still creating... [01m10s elapsed][0m[0m
[0m[1mmodule.server["logs"].null_resource.provision_ssh: Still creating... [01m20s elapsed][0m[0m
[0m[1mmodule.server["logs"].null_resource.provision_ssh: Still creating... [01m30s elapsed][0m[0m
[0m[1mmodule.server["logs"].null_resource.provision_ssh: Still creating... [01m40s elapsed][0m[0m
[0m[1mmodule.server["logs"].null_resource.provision_ssh: Still creating... [01m50s elapsed][0m[0m
[0m[1mmodule.server["logs"].null_resource.provision_ssh: Still creating... [02m00s elapsed][0m[0m
[0m[1mmodule.server["logs"].null_resource.provision_ssh (local-exec):[0m [0mPreconfiguring packages ...
[0m[1mmodule.server["logs"].null_resource.provision_ssh (local-exec):[0m [0mSelecting previously unselected package libedit2:amd64.
[0m[1mmodule.server["logs"].null_resource.provision_ssh (local-exec):[0m [0m(Reading database ...
[0m[1mmodule.server["logs"].null_resource.provision_ssh (local-exec):[0m [0m(Reading database ... 5%
[0m[1mmodule.server["logs"].null_resource.provision_ssh (local-exec):[0m [0m(Reading database ... 10%
[0m[1mmodule.server["logs"].null_resource.provision_ssh (local-exec):[0m [0m(Reading database ... 15%
[0m[1mmodule.server["logs"].null_resource.provision_ssh (local-exec):[0m [0m(Reading database ... 20%
[0m[1mmodule.server["logs"].null_resource.provision_ssh (local-exec):[0m [0m(Reading database ... 25%
[0m[1mmodule.server["logs"].null_resource.provision_ssh (local-exec):[0m [0m(Reading database ... 30%
[0m[1mmodule.server["logs"].null_resource.provision_ssh (local-exec):[0m [0m(Reading database ... 35%
[0m[1mmodule.server["logs"].null_resource.provision_ssh (local-exec):[0m [0m(Reading database ... 40%
[0m[1mmodule.server["logs"].null_resource.provision_ssh (local-exec):[0m [0m(Reading database ... 45%
[0m[1mmodule.server["logs"].null_resource.provision_ssh (local-exec):[0m [0m(Reading database ... 50%
[0m[1mmodule.server["logs"].null_resource.provision_ssh (local-exec):[0m [0m(Reading database ... 55%
[0m[1mmodule.server["logs"].null_resource.provision_ssh (local-exec):[0m [0m(Reading database ... 60%
[0m[1mmodule.server["logs"].null_resource.provision_ssh (local-exec):[0m [0m(Reading database ... 65%
[0m[1mmodule.server["logs"].null_resource.provision_ssh (local-exec):[0m [0m(Reading database ... 70%
[0m[1mmodule.server["logs"].null_resource.provision_ssh (local-exec):[0m [0m(Reading database ... 75%
[0m[1mmodule.server["logs"].null_resource.provision_ssh (local-exec):[0m [0m(Reading database ... 80%
[0m[1mmodule.server["logs"].null_resource.provision_ssh (local-exec):[0m [0m(Reading database ... 85%
[0m[1mmodule.server["logs"].null_resource.provision_ssh (local-exec):[0m [0m(Reading database ... 90%
[0m[1mmodule.server["logs"].null_resource.provision_ssh (local-exec):[0m [0m(Reading database ... 95%
[0m[1mmodule.server["logs"].null_resource.provision_ssh (local-exec):[0m [0m(Reading database ... 100%
[0m[1mmodule.server["logs"].null_resource.provision_ssh (local-exec):[0m [0m(Reading database ... 17465 files and directories currently installed.)
[0m[1mmodule.server["logs"].null_resource.provision_ssh (local-exec):[0m [0mPreparing to unpack .../00-libedit2_3.1-20210910-1build1_amd64.deb ...
[0m[1mmodule.server["logs"].null_resource.provision_ssh (local-exec):[0m [0mUnpacking libedit2:amd64 (3.1-20210910-1build1) ...
[0m[1mmodule.server["logs"].null_resource.provision_ssh (local-exec):[0m [0mSelecting previously unselected package libcbor0.8:amd64.
[0m[1mmodule.server["logs"].null_resource.provision_ssh (local-exec):[0m [0mPreparing to unpack .../01-libcbor0.8_0.8.0-2ubuntu1_amd64.deb ...
[0m[1mmodule.server["logs"].null_resource.provision_ssh (local-exec):[0m [0mUnpacking libcbor0.8:amd64 (0.8.0-2ubuntu1) ...
[0m[1mmodule.server["logs"].null_resource.provision_ssh (local-exec):[0m [0mSelecting previously unselected package libfido2-1:amd64.
[0m[1mmodule.server["logs"].null_resource.provision_ssh (local-exec):[0m [0mPreparing to unpack .../02-libfido2-1_1.10.0-1_amd64.deb ...
[0m[1mmodule.server["logs"].null_resource.provision_ssh (local-exec):[0m [0mUnpacking libfido2-1:amd64 (1.10.0-1) ...
[0m[1mmodule.server["logs"].null_resource.provision_ssh (local-exec):[0m [0mSelecting previously unselected package openssh-client.
[0m[1mmodule.server["logs"].null_resource.provision_ssh (local-exec):[0m [0mPreparing to unpack .../03-openssh-client_1%3a8.9p1-3ubuntu0.16_amd64.deb ...
[0m[1mmodule.server["logs"].null_resource.provision_ssh (local-exec):[0m [0mUnpacking openssh-client (1:8.9p1-3ubuntu0.16) ...
[0m[1mmodule.server["logs"].null_resource.provision_ssh (local-exec):[0m [0mSelecting previously unselected package openssh-sftp-server.
[0m[1mmodule.server["logs"].null_resource.provision_ssh (local-exec):[0m [0mPreparing to unpack .../04-openssh-sftp-server_1%3a8.9p1-3ubuntu0.16_amd64.deb ...
[0m[1mmodule.server["logs"].null_resource.provision_ssh (local-exec):[0m [0mUnpacking openssh-sftp-server (1:8.9p1-3ubuntu0.16) ...
[0m[1mmodule.server["logs"].null_resource.provision_ssh (local-exec):[0m [0mSelecting previously unselected package libwrap0:amd64.
[0m[1mmodule.server["logs"].null_resource.provision_ssh (local-exec):[0m [0mPreparing to unpack .../05-libwrap0_7.6.q-31build2_amd64.deb ...
[0m[1mmodule.server["logs"].null_resource.provision_ssh (local-exec):[0m [0mUnpacking libwrap0:amd64 (7.6.q-31build2) ...
[0m[1mmodule.server["logs"].null_resource.provision_ssh (local-exec):[0m [0mSelecting previously unselected package openssh-server.
[0m[1mmodule.server["logs"].null_resource.provision_ssh (local-exec):[0m [0mPreparing to unpack .../06-openssh-server_1%3a8.9p1-3ubuntu0.16_amd64.deb ...
[0m[1mmodule.server["logs"].null_resource.provision_ssh (local-exec):[0m [0mUnpacking openssh-server (1:8.9p1-3ubuntu0.16) ...
[0m[1mmodule.server["logs"].null_resource.provision_ssh (local-exec):[0m [0mSelecting previously unselected package libxau6:amd64.
[0m[1mmodule.server["logs"].null_resource.provision_ssh (local-exec):[0m [0mPreparing to unpack .../07-libxau6_1%3a1.0.9-1build5_amd64.deb ...
[0m[1mmodule.server["logs"].null_resource.provision_ssh (local-exec):[0m [0mUnpacking libxau6:amd64 (1:1.0.9-1build5) ...
[0m[1mmodule.server["logs"].null_resource.provision_ssh (local-exec):[0m [0mSelecting previously unselected package libxdmcp6:amd64.
[0m[1mmodule.server["logs"].null_resource.provision_ssh (local-exec):[0m [0mPreparing to unpack .../08-libxdmcp6_1%3a1.1.3-0ubuntu5_amd64.deb ...
[0m[1mmodule.server["logs"].null_resource.provision_ssh (local-exec):[0m [0mUnpacking libxdmcp6:amd64 (1:1.1.3-0ubuntu5) ...
[0m[1mmodule.server["logs"].null_resource.provision_ssh (local-exec):[0m [0mSelecting previously unselected package libxcb1:amd64.
[0m[1mmodule.server["logs"].null_resource.provision_ssh (local-exec):[0m [0mPreparing to unpack .../09-libxcb1_1.14-3ubuntu3_amd64.deb ...
[0m[1mmodule.server["logs"].null_resource.provision_ssh (local-exec):[0m [0mUnpacking libxcb1:amd64 (1.14-3ubuntu3) ...
[0m[1mmodule.server["logs"].null_resource.provision_ssh (local-exec):[0m [0mSelecting previously unselected package libx11-data.
[0m[1mmodule.server["logs"].null_resource.provision_ssh (local-exec):[0m [0mPreparing to unpack .../10-libx11-data_2%3a1.7.5-1ubuntu0.3_all.deb ...
[0m[1mmodule.server["logs"].null_resource.provision_ssh (local-exec):[0m [0mUnpacking libx11-data (2:1.7.5-1ubuntu0.3) ...
[0m[1mmodule.server["logs"].null_resource.provision_ssh (local-exec):[0m [0mSelecting previously unselected package libx11-6:amd64.
[0m[1mmodule.server["logs"].null_resource.provision_ssh (local-exec):[0m [0mPreparing to unpack .../11-libx11-6_2%3a1.7.5-1ubuntu0.3_amd64.deb ...
[0m[1mmodule.server["logs"].null_resource.provision_ssh (local-exec):[0m [0mUnpacking libx11-6:amd64 (2:1.7.5-1ubuntu0.3) ...
[0m[1mmodule.server["logs"].null_resource.provision_ssh (local-exec):[0m [0mSelecting previously unselected package libxext6:amd64.
[0m[1mmodule.server["logs"].null_resource.provision_ssh (local-exec):[0m [0mPreparing to unpack .../12-libxext6_2%3a1.3.4-1build1_amd64.deb ...
[0m[1mmodule.server["logs"].null_resource.provision_ssh (local-exec):[0m [0mUnpacking libxext6:amd64 (2:1.3.4-1build1) ...
[0m[1mmodule.server["logs"].null_resource.provision_ssh (local-exec):[0m [0mSelecting previously unselected package libxmuu1:amd64.
[0m[1mmodule.server["logs"].null_resource.provision_ssh (local-exec):[0m [0mPreparing to unpack .../13-libxmuu1_2%3a1.1.3-3_amd64.deb ...
[0m[1mmodule.server["logs"].null_resource.provision_ssh (local-exec):[0m [0mUnpacking libxmuu1:amd64 (2:1.1.3-3) ...
[0m[1mmodule.server["logs"].null_resource.provision_ssh (local-exec):[0m [0mSelecting previously unselected package wget.
[0m[1mmodule.server["logs"].null_resource.provision_ssh (local-exec):[0m [0mPreparing to unpack .../14-wget_1.21.2-2ubuntu1.4_amd64.deb ...
[0m[1mmodule.server["logs"].null_resource.provision_ssh (local-exec):[0m [0mUnpacking wget (1.21.2-2ubuntu1.4) ...
[0m[1mmodule.server["logs"].null_resource.provision_ssh (local-exec):[0m [0mSelecting previously unselected package xauth.
[0m[1mmodule.server["logs"].null_resource.provision_ssh (local-exec):[0m [0mPreparing to unpack .../15-xauth_1%3a1.1-1build2_amd64.deb ...
[0m[1mmodule.server["logs"].null_resource.provision_ssh (local-exec):[0m [0mUnpacking xauth (1:1.1-1build2) ...
[0m[1mmodule.server["logs"].null_resource.provision_ssh (local-exec):[0m [0mSelecting previously unselected package ncurses-term.
[0m[1mmodule.server["logs"].null_resource.provision_ssh (local-exec):[0m [0mPreparing to unpack .../16-ncurses-term_6.3-2ubuntu0.2_all.deb ...
[0m[1mmodule.server["logs"].null_resource.provision_ssh (local-exec):[0m [0mUnpacking ncurses-term (6.3-2ubuntu0.2) ...
[0m[1mmodule.server["logs"].null_resource.provision_ssh (local-exec):[0m [0mSelecting previously unselected package ssh-import-id.
[0m[1mmodule.server["logs"].null_resource.provision_ssh (local-exec):[0m [0mPreparing to unpack .../17-ssh-import-id_5.11-0ubuntu1_all.deb ...
[0m[1mmodule.server["logs"].null_resource.provision_ssh (local-exec):[0m [0mUnpacking ssh-import-id (5.11-0ubuntu1) ...
[0m[1mmodule.server["logs"].null_resource.provision_ssh (local-exec):[0m [0mSetting up libxau6:amd64 (1:1.0.9-1build5) ...
[0m[1mmodule.server["logs"].null_resource.provision_ssh (local-exec):[0m [0mSetting up libxdmcp6:amd64 (1:1.1.3-0ubuntu5) ...
[0m[1mmodule.server["logs"].null_resource.provision_ssh (local-exec):[0m [0mSetting up libxcb1:amd64 (1.14-3ubuntu3) ...
[0m[1mmodule.server["logs"].null_resource.provision_ssh (local-exec):[0m [0mSetting up wget (1.21.2-2ubuntu1.4) ...
[0m[1mmodule.server["logs"].null_resource.provision_ssh (local-exec):[0m [0mSetting up libcbor0.8:amd64 (0.8.0-2ubuntu1) ...
[0m[1mmodule.server["logs"].null_resource.provision_ssh (local-exec):[0m [0mSetting up libedit2:amd64 (3.1-20210910-1build1) ...
[0m[1mmodule.server["logs"].null_resource.provision_ssh (local-exec):[0m [0mSetting up libwrap0:amd64 (7.6.q-31build2) ...
[0m[1mmodule.server["logs"].null_resource.provision_ssh (local-exec):[0m [0mSetting up libx11-data (2:1.7.5-1ubuntu0.3) ...
[0m[1mmodule.server["logs"].null_resource.provision_ssh (local-exec):[0m [0mSetting up libx11-6:amd64 (2:1.7.5-1ubuntu0.3) ...
[0m[1mmodule.server["logs"].null_resource.provision_ssh (local-exec):[0m [0mSetting up libfido2-1:amd64 (1.10.0-1) ...
[0m[1mmodule.server["logs"].null_resource.provision_ssh (local-exec):[0m [0mSetting up libxmuu1:amd64 (2:1.1.3-3) ...
[0m[1mmodule.server["logs"].null_resource.provision_ssh (local-exec):[0m [0mSetting up ncurses-term (6.3-2ubuntu0.2) ...
[0m[1mmodule.server["logs"].null_resource.provision_ssh (local-exec):[0m [0mSetting up openssh-client (1:8.9p1-3ubuntu0.16) ...
[0m[1mmodule.server["logs"].null_resource.provision_ssh (local-exec):[0m [0mupdate-alternatives: using /usr/bin/ssh to provide /usr/bin/rsh (rsh) in auto mode
[0m[1mmodule.server["logs"].null_resource.provision_ssh (local-exec):[0m [0mupdate-alternatives: warning: skip creation of /usr/share/man/man1/rsh.1.gz because associated file /usr/share/man/man1/ssh.1.gz (of link group rsh) doesn't exist
[0m[1mmodule.server["logs"].null_resource.provision_ssh (local-exec):[0m [0mupdate-alternatives: using /usr/bin/slogin to provide /usr/bin/rlogin (rlogin) in auto mode
[0m[1mmodule.server["logs"].null_resource.provision_ssh (local-exec):[0m [0mupdate-alternatives: warning: skip creation of /usr/share/man/man1/rlogin.1.gz because associated file /usr/share/man/man1/slogin.1.gz (of link group rlogin) doesn't exist
[0m[1mmodule.server["logs"].null_resource.provision_ssh (local-exec):[0m [0mupdate-alternatives: using /usr/bin/scp to provide /usr/bin/rcp (rcp) in auto mode
[0m[1mmodule.server["logs"].null_resource.provision_ssh (local-exec):[0m [0mupdate-alternatives: warning: skip creation of /usr/share/man/man1/rcp.1.gz because associated file /usr/share/man/man1/scp.1.gz (of link group rcp) doesn't exist
[0m[1mmodule.server["logs"].null_resource.provision_ssh (local-exec):[0m [0mSetting up ssh-import-id (5.11-0ubuntu1) ...
[0m[1mmodule.server["logs"].null_resource.provision_ssh (local-exec):[0m [0mSetting up libxext6:amd64 (2:1.3.4-1build1) ...
[0m[1mmodule.server["logs"].null_resource.provision_ssh (local-exec):[0m [0mSetting up xauth (1:1.1-1build2) ...
[0m[1mmodule.server["logs"].null_resource.provision_ssh (local-exec):[0m [0mSetting up openssh-sftp-server (1:8.9p1-3ubuntu0.16) ...
[0m[1mmodule.server["logs"].null_resource.provision_ssh (local-exec):[0m [0mSetting up openssh-server (1:8.9p1-3ubuntu0.16) ...

[0m[1mmodule.server["logs"].null_resource.provision_ssh (local-exec):[0m [0mCreating config file /etc/ssh/sshd_config with new version
[0m[1mmodule.server["logs"].null_resource.provision_ssh (local-exec):[0m [0mCreating SSH2 RSA key; this may take some time ...
[0m[1mmodule.server["logs"].null_resource.provision_ssh: Still creating... [02m10s elapsed][0m[0m

[0m[1mmodule.server["logs"].null_resource.provision_ssh (local-exec):[0m [0m3072 SHA256:wQjSMcureHtCn0w2Y0p/mrC2dbny8N005p2RX6wVSG4 root@kijanikiosk-logs (RSA)
[0m[1mmodule.server["logs"].null_resource.provision_ssh (local-exec):[0m [0mCreating SSH2 ECDSA key; this may take some time ...
[0m[1mmodule.server["logs"].null_resource.provision_ssh (local-exec):[0m [0m256 SHA256:nDPQd8XIVOGd5T73X6gwlgR4ywrRgJB9fmCIQQNEgGM root@kijanikiosk-logs (ECDSA)
[0m[1mmodule.server["logs"].null_resource.provision_ssh (local-exec):[0m [0mCreating SSH2 ED25519 key; this may take some time ...
[0m[1mmodule.server["logs"].null_resource.provision_ssh (local-exec):[0m [0m256 SHA256:6gT9rRm9Fjy/HrwPEx+Zk9Kdq6qIDSy13ICILh73+aM root@kijanikiosk-logs (ED25519)
[0m[1mmodule.server["logs"].null_resource.provision_ssh (local-exec):[0m [0minvoke-rc.d: policy-rc.d denied execution of start.
[0m[1mmodule.server["logs"].null_resource.provision_ssh (local-exec):[0m [0mCreated symlink /etc/systemd/system/sshd.service → /lib/systemd/system/ssh.service.
[0m[1mmodule.server["logs"].null_resource.provision_ssh (local-exec):[0m [0mCreated symlink /etc/systemd/system/multi-user.target.wants/ssh.service → /lib/systemd/system/ssh.service.
[0m[1mmodule.server["logs"].null_resource.provision_ssh (local-exec):[0m [0m/usr/sbin/policy-rc.d returned 101, not running 'start rescue-ssh.target ssh.service'
[0m[1mmodule.server["logs"].null_resource.provision_ssh (local-exec):[0m [0m/usr/sbin/policy-rc.d returned 101, not running 'start ssh.socket'
[0m[1mmodule.server["logs"].null_resource.provision_ssh (local-exec):[0m [0mProcessing triggers for libc-bin (2.35-0ubuntu3.14) ...
[0m[1mmodule.server["logs"].null_resource.provision_ssh (local-exec):[0m [0mSynchronizing state of ssh.service with SysV service script with /lib/systemd/systemd-sysv-install.
[0m[1mmodule.server["logs"].null_resource.provision_ssh (local-exec):[0m [0mExecuting: /lib/systemd/systemd-sysv-install enable ssh
[0m[1mmodule.server["logs"].null_resource.provision_ssh: Creation complete after 2m15s [id=6497557741611884276][0m
[0m[1m[32m
Apply complete! Resources: 6 added, 0 changed, 0 destroyed.[0m
[0m[1m[32m
Outputs:

[0mapi_server_ip = "127.0.0.1"
api_server_port = 2222
logs_server_ip = "127.0.0.1"
logs_server_port = 2224
payments_server_ip = "127.0.0.1"
payments_server_port = 2223
ssh_commands = {
  "api" = "ssh -i ~/.ssh/id_rsa -p 2222 root@127.0.0.1"
  "logs" = "ssh -i ~/.ssh/id_rsa -p 2224 root@127.0.0.1"
  "payments" = "ssh -i ~/.ssh/id_rsa -p 2223 root@127.0.0.1"
}

==> Extracting server host/port from Terraform output

==> Writing inventory.ini

==> Waiting for SSH to come up on all three hosts

==> Running Ansible playbook

PLAY [Provision KijaniKiosk staging servers to Week 3 standard] ****************

TASK [Gathering Facts] *********************************************************
[WARNING]: Host 'kk-payments' is using the discovered Python interpreter at '/usr/bin/python3.10', but future installation of another Python interpreter could cause a different interpreter to be discovered. See https://docs.ansible.com/ansible-core/2.20/reference_appendices/interpreter_discovery.html for more information.
[WARNING]: Host 'kk-logs' is using the discovered Python interpreter at '/usr/bin/python3.10', but future installation of another Python interpreter could cause a different interpreter to be discovered. See https://docs.ansible.com/ansible-core/2.20/reference_appendices/interpreter_discovery.html for more information.
[WARNING]: Host 'kk-api' is using the discovered Python interpreter at '/usr/bin/python3.10', but future installation of another Python interpreter could cause a different interpreter to be discovered. See https://docs.ansible.com/ansible-core/2.20/reference_appendices/interpreter_discovery.html for more information.
ok: [kk-payments]
ok: [kk-logs]
ok: [kk-api]

TASK [Update apt cache] ********************************************************
ok: [kk-logs]
ok: [kk-api]
ok: [kk-payments]

TASK [Install required packages] ***********************************************
changed: [kk-payments]
changed: [kk-api]
changed: [kk-logs]

TASK [Create service group] ****************************************************
changed: [kk-api]
changed: [kk-payments]
changed: [kk-logs]

TASK [Create service user (no login, no home shell access)] ********************
changed: [kk-api]
changed: [kk-logs]
changed: [kk-payments]

TASK [Create base application directory] ***************************************
changed: [kk-payments]
changed: [kk-logs]
changed: [kk-api]

TASK [Create config directory (writable under ProtectSystem=strict)] ***********
changed: [kk-api]
changed: [kk-payments]
changed: [kk-logs]

TASK [Create log directory] ****************************************************
changed: [kk-api]
changed: [kk-payments]
changed: [kk-logs]

TASK [Deploy service-specific environment file (payments only)] ****************
skipping: [kk-api]
skipping: [kk-logs]
changed: [kk-payments]

TASK [Deploy systemd unit from template] ***************************************
changed: [kk-api]
changed: [kk-payments]
changed: [kk-logs]

TASK [Enable and start service] ************************************************
changed: [kk-payments]
changed: [kk-logs]
changed: [kk-api]

TASK [Set default UFW policy - deny incoming] **********************************
ok: [kk-payments]
ok: [kk-logs]
ok: [kk-api]

TASK [Set default UFW policy - allow outgoing] *********************************
ok: [kk-api]
ok: [kk-payments]
ok: [kk-logs]

TASK [Allow SSH] ***************************************************************
changed: [kk-logs]
changed: [kk-payments]
changed: [kk-api]

TASK [Allow service port] ******************************************************
changed: [kk-logs]
changed: [kk-api]
changed: [kk-payments]

TASK [Enable UFW] **************************************************************
changed: [kk-logs]
changed: [kk-payments]
changed: [kk-api]

TASK [Configure journald for persistent storage] *******************************
changed: [kk-payments]
changed: [kk-api]
changed: [kk-logs]

TASK [Deploy logrotate policy for the service] *********************************
changed: [kk-api]
changed: [kk-payments]
changed: [kk-logs]

RUNNING HANDLER [reload systemd] ***********************************************
ok: [kk-api]
ok: [kk-payments]
ok: [kk-logs]

RUNNING HANDLER [restart kk service] *******************************************
changed: [kk-api]
changed: [kk-payments]
changed: [kk-logs]

RUNNING HANDLER [restart journald] *********************************************
changed: [kk-api]
changed: [kk-payments]
changed: [kk-logs]

PLAY RECAP *********************************************************************
kk-api                     : ok=20   changed=15   unreachable=0    failed=0    skipped=1    rescued=0    ignored=0   
kk-logs                    : ok=20   changed=15   unreachable=0    failed=0    skipped=1    rescued=0    ignored=0   
kk-payments                : ok=21   changed=16   unreachable=0    failed=0    skipped=0    rescued=0    ignored=0   


==> Pipeline complete.
